AR_Close PCE_AR_Close
AR_FrameCount PCE_AR_FrameCount
AR_Open PCE_AR_Open
AR_Read PCE_AR_Read
AVPad6Enabled PCE_AVPad6Enabled
AndPVector PCE_AndPVector
AndQVector PCE_AndQVector
ArcadeCard_PeekRAM PCE_ArcadeCard_PeekRAM
ArcadeCard_PokeRAM PCE_ArcadeCard_PokeRAM
ArcadeCard_Power PCE_ArcadeCard_Power
ArcadeCard_Read PCE_ArcadeCard_Read
ArcadeCard_StateAction PCE_ArcadeCard_StateAction
ArcadeCard_Write PCE_ArcadeCard_Write
ArcadeCard_free PCE_ArcadeCard_free
ArcadeCard_new PCE_ArcadeCard_new
BaseRAM PCE_BaseRAM
Blip_Buffer_bass_freq PCE_Blip_Buffer_bass_freq
Blip_Buffer_clear PCE_Blip_Buffer_clear
Blip_Buffer_clock_rate_factor PCE_Blip_Buffer_clock_rate_factor
Blip_Buffer_count_samples PCE_Blip_Buffer_count_samples
Blip_Buffer_deinit PCE_Blip_Buffer_deinit
Blip_Buffer_end_frame PCE_Blip_Buffer_end_frame
Blip_Buffer_init PCE_Blip_Buffer_init
Blip_Buffer_mix_samples PCE_Blip_Buffer_mix_samples
Blip_Buffer_read_samples PCE_Blip_Buffer_read_samples
Blip_Buffer_remove_samples PCE_Blip_Buffer_remove_samples
Blip_Buffer_remove_silence PCE_Blip_Buffer_remove_silence
Blip_Buffer_set_sample_rate PCE_Blip_Buffer_set_sample_rate
ByteIndexToP PCE_ByteIndexToP
ByteIndexToQ PCE_ByteIndexToQ
CDAccess_CCD_New PCE_CDAccess_CCD_New
CDAccess_Image_New PCE_CDAccess_Image_New
CDAccess_Open PCE_CDAccess_Open
CDIF_Close PCE_CDIF_Close
CDIF_HintReadSector PCE_CDIF_HintReadSector
CDIF_Open PCE_CDIF_Open
CDIF_ReadRawSector PCE_CDIF_ReadRawSector
CDIF_ReadRawSectorPWOnly PCE_CDIF_ReadRawSectorPWOnly
CDIF_ReadSector PCE_CDIF_ReadSector
CDIF_ReadTOC PCE_CDIF_ReadTOC
CDUtility_Init PCE_CDUtility_Init
CheckEDC PCE_CheckEDC
CountC2Errors PCE_CountC2Errors
CreateGaloisTables PCE_CreateGaloisTables
CreateReedSolomonTables PCE_CreateReedSolomonTables
DecodePQ PCE_DecodePQ
EDCCrc32 PCE_EDCCrc32
Endian_A16_LE_to_NE PCE_Endian_A16_LE_to_NE
Endian_A16_NE_to_LE PCE_Endian_A16_NE_to_LE
Endian_A16_Swap PCE_Endian_A16_Swap
Endian_A32_LE_to_NE PCE_Endian_A32_LE_to_NE
Endian_A32_NE_to_LE PCE_Endian_A32_NE_to_LE
Endian_A32_Swap PCE_Endian_A32_Swap
Endian_A64_LE_to_NE PCE_Endian_A64_LE_to_NE
Endian_A64_NE_to_LE PCE_Endian_A64_NE_to_LE
Endian_A64_Swap PCE_Endian_A64_Swap
Endian_V_LE_to_NE PCE_Endian_V_LE_to_NE
Endian_V_NE_to_LE PCE_Endian_V_NE_to_LE
FillPVector PCE_FillPVector
FillQVector PCE_FillQVector
FlipByteOrder PCE_FlipByteOrder
FreeGaloisTables PCE_FreeGaloisTables
FreeReedSolomonTables PCE_FreeReedSolomonTables
GetPVector PCE_GetPVector
GetQVector PCE_GetQVector
HuC6280_Init PCE_HuC6280_Init
HuC6280_Power PCE_HuC6280_Power
HuC6280_Reset PCE_HuC6280_Reset
HuC6280_ResetTS PCE_HuC6280_ResetTS
HuC6280_Run PCE_HuC6280_Run
HuC6280_SetMPR PCE_HuC6280_SetMPR
HuC6280_StateAction PCE_HuC6280_StateAction
HuCPU PCE_HuCPU
HuC_Power PCE_HuC_Power
HuC_StateAction PCE_HuC_StateAction
INPUT_FixTS PCE_INPUT_FixTS
INPUT_Frame PCE_INPUT_Frame
INPUT_Read PCE_INPUT_Read
INPUT_StateAction PCE_INPUT_StateAction
INPUT_Write PCE_INPUT_Write
Init_LEC_Correct PCE_Init_LEC_Correct
IsBRAMUsed PCE_IsBRAMUsed
Kill_LEC_Correct PCE_Kill_LEC_Correct
MDFNI_AddCheat PCE_MDFNI_AddCheat
MDFNI_DecodeGBGG PCE_MDFNI_DecodeGBGG
MDFNI_DecodeGG PCE_MDFNI_DecodeGG
MDFNI_DecodePAR PCE_MDFNI_DecodePAR
MDFNI_DelCheat PCE_MDFNI_DelCheat
MDFNI_GetCheat PCE_MDFNI_GetCheat
MDFNI_ListCheats PCE_MDFNI_ListCheats
MDFNI_SetCheat PCE_MDFNI_SetCheat
MDFNI_ToggleCheat PCE_MDFNI_ToggleCheat
MDFNMP_AddRAM PCE_MDFNMP_AddRAM
MDFNMP_ApplyPeriodicCheats PCE_MDFNMP_ApplyPeriodicCheats
MDFNMP_Init PCE_MDFNMP_Init
MDFNMP_InstallReadPatches PCE_MDFNMP_InstallReadPatches
MDFNMP_Kill PCE_MDFNMP_Kill
MDFNMP_RemoveReadPatches PCE_MDFNMP_RemoveReadPatches
MDFNSS_LoadSM PCE_MDFNSS_LoadSM
MDFNSS_SaveSM PCE_MDFNSS_SaveSM
MDFNSS_StateAction PCE_MDFNSS_StateAction
MDFN_DispMessage PCE_MDFN_DispMessage
MDFN_EvalFIP PCE_MDFN_EvalFIP
MDFN_FlushGameCheats PCE_MDFN_FlushGameCheats
MDFN_GetFilePathComponents PCE_MDFN_GetFilePathComponents
MDFN_GetSettingB PCE_MDFN_GetSettingB
MDFN_GetSettingF PCE_MDFN_GetSettingF
MDFN_GetSettingUI PCE_MDFN_GetSettingUI
MDFN_LoadGameCheats PCE_MDFN_LoadGameCheats
MemRead PCE_MemRead
OKIADPCM_DeltaTable PCE_OKIADPCM_DeltaTable
OKIADPCM_StepIndexDeltas PCE_OKIADPCM_StepIndexDeltas
OKIADPCM_StepSizes PCE_OKIADPCM_StepSizes
OrPVector PCE_OrPVector
OrQVector PCE_OrQVector
OrderOfGriffonFix PCE_OrderOfGriffonFix
PCECD_Close PCE_PCECD_Close
PCECD_Drive_Close PCE_PCECD_Drive_Close
PCECD_Drive_GetCDDAValues PCE_PCECD_Drive_GetCDDAValues
PCECD_Drive_Init PCE_PCECD_Drive_Init
PCECD_Drive_Power PCE_PCECD_Drive_Power
PCECD_Drive_ResetTS PCE_PCECD_Drive_ResetTS
PCECD_Drive_Run PCE_PCECD_Drive_Run
PCECD_Drive_SetACK PCE_PCECD_Drive_SetACK
PCECD_Drive_SetCDDAVolume PCE_PCECD_Drive_SetCDDAVolume
PCECD_Drive_SetDB PCE_PCECD_Drive_SetDB
PCECD_Drive_SetDisc PCE_PCECD_Drive_SetDisc
PCECD_Drive_SetLog PCE_PCECD_Drive_SetLog
PCECD_Drive_SetRST PCE_PCECD_Drive_SetRST
PCECD_Drive_SetSEL PCE_PCECD_Drive_SetSEL
PCECD_Drive_SetTransferRate PCE_PCECD_Drive_SetTransferRate
PCECD_Drive_StateAction PCE_PCECD_Drive_StateAction
PCECD_Init PCE_PCECD_Init
PCECD_IsBRAMEnabled PCE_PCECD_IsBRAMEnabled
PCECD_Power PCE_PCECD_Power
PCECD_Read PCE_PCECD_Read
PCECD_ResetTS PCE_PCECD_ResetTS
PCECD_Run PCE_PCECD_Run
PCECD_SetSettings PCE_PCECD_SetSettings
PCECD_StateAction PCE_PCECD_StateAction
PCECD_Write PCE_PCECD_Write
PCEFast_PSG_EndFrame PCE_PCEFast_PSG_EndFrame
PCEFast_PSG_Power PCE_PCEFast_PSG_Power
PCEFast_PSG_SetChannelUserVolume PCE_PCEFast_PSG_SetChannelUserVolume
PCEFast_PSG_SetVolume PCE_PCEFast_PSG_SetVolume
PCEFast_PSG_StateAction PCE_PCEFast_PSG_StateAction
PCEFast_PSG_Write PCE_PCEFast_PSG_Write
PCEFast_PSG_free PCE_PCEFast_PSG_free
PCEFast_PSG_new PCE_PCEFast_PSG_new
PCEINPUT_Init PCE_PCEINPUT_Init
PCEINPUT_SetInput PCE_PCEINPUT_SetInput
PCEIODataBuffer PCE_PCEIODataBuffer
PToByteIndex PCE_PToByteIndex
QToByteIndex PCE_QToByteIndex
ROMSpace PCE_ROMSpace
SaveRAM PCE_SaveRAM
SetPVector PCE_SetPVector
SetQVector PCE_SetQVector
StateAction PCE_StateAction
VCE_Read PCE_VCE_Read
VCE_Write PCE_VCE_Write
VDC_Close PCE_VDC_Close
VDC_Init PCE_VDC_Init
VDC_Power PCE_VDC_Power
VDC_Reset PCE_VDC_Reset
VDC_RunFrame PCE_VDC_RunFrame
VDC_SetLayerEnableMask PCE_VDC_SetLayerEnableMask
VDC_SetPixelFormat PCE_VDC_SetPixelFormat
VDC_StateAction PCE_VDC_StateAction
VDC_Write PCE_VDC_Write
VDC_Write_ST PCE_VDC_Write_ST
ValidateRawSector PCE_ValidateRawSector
arcade_card PCE_arcade_card
cd_bus PCE_cd_bus
cdstream_get_line PCE_cdstream_get_line
cdstream_new PCE_cdstream_new
cdstream_new_memcached PCE_cdstream_new_memcached
cdstream_open PCE_cdstream_open
cdstream_open_memcached PCE_cdstream_open_memcached
cdstream_open_write PCE_cdstream_open_write
dir_list_append PCE_dir_list_append
dir_list_deinitialize PCE_dir_list_deinitialize
dir_list_free PCE_dir_list_free
dir_list_initialize PCE_dir_list_initialize
dir_list_new PCE_dir_list_new
dir_list_sort PCE_dir_list_sort
dir_list_sort_ignore_ext PCE_dir_list_sort_ignore_ext
dirent_vfs_init PCE_dirent_vfs_init
edc_check PCE_edc_check
edc_lec_check_and_correct PCE_edc_lec_check_and_correct
encode_mode0_sector PCE_encode_mode0_sector
encode_mode1_sector PCE_encode_mode1_sector
encode_mode2_form1_sector PCE_encode_mode2_form1_sector
encode_mode2_form2_sector PCE_encode_mode2_form2_sector
encode_mode2_sector PCE_encode_mode2_sector
encoding_crc32 PCE_encoding_crc32
file_close PCE_file_close
file_open PCE_file_open
filestream_close PCE_filestream_close
filestream_delete PCE_filestream_delete
filestream_eof PCE_filestream_eof
filestream_error PCE_filestream_error
filestream_exists PCE_filestream_exists
filestream_flush PCE_filestream_flush
filestream_get_path PCE_filestream_get_path
filestream_get_size PCE_filestream_get_size
filestream_get_vfs_handle PCE_filestream_get_vfs_handle
filestream_getc PCE_filestream_getc
filestream_getline PCE_filestream_getline
filestream_gets PCE_filestream_gets
filestream_open PCE_filestream_open
filestream_printf PCE_filestream_printf
filestream_putc PCE_filestream_putc
filestream_read PCE_filestream_read
filestream_read_file PCE_filestream_read_file
filestream_rename PCE_filestream_rename
filestream_rewind PCE_filestream_rewind
filestream_scanf PCE_filestream_scanf
filestream_seek PCE_filestream_seek
filestream_tell PCE_filestream_tell
filestream_truncate PCE_filestream_truncate
filestream_vfs_init PCE_filestream_vfs_init
filestream_vprintf PCE_filestream_vprintf
filestream_vscanf PCE_filestream_vscanf
filestream_write PCE_filestream_write
filestream_write_file PCE_filestream_write_file
fill_dated_filename PCE_fill_dated_filename
fill_pathname PCE_fill_pathname
fill_pathname_abbreviate_special PCE_fill_pathname_abbreviate_special
fill_pathname_abbreviated_or_relative PCE_fill_pathname_abbreviated_or_relative
fill_pathname_base PCE_fill_pathname_base
fill_pathname_basedir PCE_fill_pathname_basedir
fill_pathname_dir PCE_fill_pathname_dir
fill_pathname_expand_special PCE_fill_pathname_expand_special
fill_pathname_join PCE_fill_pathname_join
fill_pathname_join_delim PCE_fill_pathname_join_delim
fill_pathname_join_special PCE_fill_pathname_join_special
fill_pathname_join_special_ext PCE_fill_pathname_join_special_ext
fill_pathname_parent_dir PCE_fill_pathname_parent_dir
fill_pathname_parent_dir_name PCE_fill_pathname_parent_dir_name
fill_pathname_resolve_relative PCE_fill_pathname_resolve_relative
fill_pathname_slash PCE_fill_pathname_slash
fill_str_dated_filename PCE_fill_str_dated_filename
find_last_slash PCE_find_last_slash
is_path_accessible_using_standard_io PCE_is_path_accessible_using_standard_io
lec_encode_mode0_sector PCE_lec_encode_mode0_sector
lec_encode_mode1_sector PCE_lec_encode_mode1_sector
lec_encode_mode2_form1_sector PCE_lec_encode_mode2_form1_sector
lec_encode_mode2_form2_sector PCE_lec_encode_mode2_form2_sector
lec_encode_mode2_sector PCE_lec_encode_mode2_sector
lec_scramble PCE_lec_scramble
local_to_utf8_string_alloc PCE_local_to_utf8_string_alloc
log_cb PCE_log_cb
lr_char_props PCE_lr_char_props
memalign_alloc PCE_memalign_alloc
memalign_alloc_aligned PCE_memalign_alloc_aligned
memalign_free PCE_memalign_free
option_cats_ar PCE_option_cats_ar
option_cats_ast PCE_option_cats_ast
option_cats_be PCE_option_cats_be
option_cats_bg PCE_option_cats_bg
option_cats_ca PCE_option_cats_ca
option_cats_chs PCE_option_cats_chs
option_cats_cht PCE_option_cats_cht
option_cats_cs PCE_option_cats_cs
option_cats_cy PCE_option_cats_cy
option_cats_da PCE_option_cats_da
option_cats_de PCE_option_cats_de
option_cats_el PCE_option_cats_el
option_cats_en PCE_option_cats_en
option_cats_eo PCE_option_cats_eo
option_cats_es PCE_option_cats_es
option_cats_fa PCE_option_cats_fa
option_cats_fi PCE_option_cats_fi
option_cats_fr PCE_option_cats_fr
option_cats_ga PCE_option_cats_ga
option_cats_gl PCE_option_cats_gl
option_cats_he PCE_option_cats_he
option_cats_hr PCE_option_cats_hr
option_cats_hu PCE_option_cats_hu
option_cats_id PCE_option_cats_id
option_cats_it PCE_option_cats_it
option_cats_ja PCE_option_cats_ja
option_cats_ko PCE_option_cats_ko
option_cats_nl PCE_option_cats_nl
option_cats_no PCE_option_cats_no
option_cats_or PCE_option_cats_or
option_cats_pl PCE_option_cats_pl
option_cats_pt_br PCE_option_cats_pt_br
option_cats_pt_pt PCE_option_cats_pt_pt
option_cats_ru PCE_option_cats_ru
option_cats_sk PCE_option_cats_sk
option_cats_sr PCE_option_cats_sr
option_cats_sv PCE_option_cats_sv
option_cats_th PCE_option_cats_th
option_cats_tr PCE_option_cats_tr
option_cats_tt PCE_option_cats_tt
option_cats_uk PCE_option_cats_uk
option_cats_us PCE_option_cats_us
option_cats_val PCE_option_cats_val
option_cats_vn PCE_option_cats_vn
option_defs_ar PCE_option_defs_ar
option_defs_ast PCE_option_defs_ast
option_defs_be PCE_option_defs_be
option_defs_bg PCE_option_defs_bg
option_defs_ca PCE_option_defs_ca
option_defs_chs PCE_option_defs_chs
option_defs_cht PCE_option_defs_cht
option_defs_cs PCE_option_defs_cs
option_defs_cy PCE_option_defs_cy
option_defs_da PCE_option_defs_da
option_defs_de PCE_option_defs_de
option_defs_el PCE_option_defs_el
option_defs_en PCE_option_defs_en
option_defs_eo PCE_option_defs_eo
option_defs_es PCE_option_defs_es
option_defs_fa PCE_option_defs_fa
option_defs_fi PCE_option_defs_fi
option_defs_fr PCE_option_defs_fr
option_defs_ga PCE_option_defs_ga
option_defs_gl PCE_option_defs_gl
option_defs_he PCE_option_defs_he
option_defs_hr PCE_option_defs_hr
option_defs_hu PCE_option_defs_hu
option_defs_id PCE_option_defs_id
option_defs_intl PCE_option_defs_intl
option_defs_it PCE_option_defs_it
option_defs_ja PCE_option_defs_ja
option_defs_ko PCE_option_defs_ko
option_defs_nl PCE_option_defs_nl
option_defs_no PCE_option_defs_no
option_defs_or PCE_option_defs_or
option_defs_pl PCE_option_defs_pl
option_defs_pt_br PCE_option_defs_pt_br
option_defs_pt_pt PCE_option_defs_pt_pt
option_defs_ru PCE_option_defs_ru
option_defs_sk PCE_option_defs_sk
option_defs_sr PCE_option_defs_sr
option_defs_sv PCE_option_defs_sv
option_defs_th PCE_option_defs_th
option_defs_tr PCE_option_defs_tr
option_defs_tt PCE_option_defs_tt
option_defs_uk PCE_option_defs_uk
option_defs_us PCE_option_defs_us
option_defs_val PCE_option_defs_val
option_defs_vn PCE_option_defs_vn
options_ar PCE_options_ar
options_ast PCE_options_ast
options_be PCE_options_be
options_bg PCE_options_bg
options_ca PCE_options_ca
options_chs PCE_options_chs
options_cht PCE_options_cht
options_cs PCE_options_cs
options_cy PCE_options_cy
options_da PCE_options_da
options_de PCE_options_de
options_el PCE_options_el
options_en PCE_options_en
options_eo PCE_options_eo
options_es PCE_options_es
options_fa PCE_options_fa
options_fi PCE_options_fi
options_fr PCE_options_fr
options_ga PCE_options_ga
options_gl PCE_options_gl
options_he PCE_options_he
options_hr PCE_options_hr
options_hu PCE_options_hu
options_id PCE_options_id
options_intl PCE_options_intl
options_it PCE_options_it
options_ja PCE_options_ja
options_ko PCE_options_ko
options_nl PCE_options_nl
options_no PCE_options_no
options_or PCE_options_or
options_pl PCE_options_pl
options_pt_br PCE_options_pt_br
options_pt_pt PCE_options_pt_pt
options_ru PCE_options_ru
options_sk PCE_options_sk
options_sr PCE_options_sr
options_sv PCE_options_sv
options_th PCE_options_th
options_tr PCE_options_tr
options_tt PCE_options_tt
options_uk PCE_options_uk
options_us PCE_options_us
options_val PCE_options_val
options_vn PCE_options_vn
path_basedir PCE_path_basedir
path_basedir_wrapper PCE_path_basedir_wrapper
path_basename PCE_path_basename
path_basename_nocompression PCE_path_basename_nocompression
path_get_archive_delim PCE_path_get_archive_delim
path_get_extension PCE_path_get_extension
path_get_extension_mutable PCE_path_get_extension_mutable
path_is_absolute PCE_path_is_absolute
path_is_compressed_file PCE_path_is_compressed_file
path_linked_list_add_path PCE_path_linked_list_add_path
path_linked_list_free PCE_path_linked_list_free
path_linked_list_new PCE_path_linked_list_new
path_parent_dir PCE_path_parent_dir
path_relative_to PCE_path_relative_to
path_remove_extension PCE_path_remove_extension
path_resolve_realpath PCE_path_resolve_realpath
pathname_conform_slashes_to_os PCE_pathname_conform_slashes_to_os
pathname_make_slashes_portable PCE_pathname_make_slashes_portable
pce_jp_data PCE_pce_jp_data
pce_overclocked PCE_pce_overclocked
perf_cb PCE_perf_cb
perf_get_cpu_features_cb PCE_perf_get_cpu_features_cb
retro_api_version PCE_retro_api_version
retro_base_directory PCE_retro_base_directory
retro_cheat_reset PCE_retro_cheat_reset
retro_cheat_set PCE_retro_cheat_set
retro_closedir PCE_retro_closedir
retro_deinit PCE_retro_deinit
retro_dirent_error PCE_retro_dirent_error
retro_dirent_get_name PCE_retro_dirent_get_name
retro_dirent_is_dir PCE_retro_dirent_is_dir
retro_get_memory_data PCE_retro_get_memory_data
retro_get_memory_size PCE_retro_get_memory_size
retro_get_region PCE_retro_get_region
retro_get_system_av_info PCE_retro_get_system_av_info
retro_get_system_info PCE_retro_get_system_info
retro_init PCE_retro_init
retro_load_game PCE_retro_load_game
retro_load_game_special PCE_retro_load_game_special
retro_opendir PCE_retro_opendir
retro_opendir_include_hidden PCE_retro_opendir_include_hidden
retro_readdir PCE_retro_readdir
retro_reset PCE_retro_reset
retro_run PCE_retro_run
retro_serialize PCE_retro_serialize
retro_serialize_size PCE_retro_serialize_size
retro_set_audio_sample PCE_retro_set_audio_sample
retro_set_audio_sample_batch PCE_retro_set_audio_sample_batch
retro_set_controller_port_device PCE_retro_set_controller_port_device
retro_set_environment PCE_retro_set_environment
retro_set_input_poll PCE_retro_set_input_poll
retro_set_input_state PCE_retro_set_input_state
retro_set_video_refresh PCE_retro_set_video_refresh
retro_unload_game PCE_retro_unload_game
retro_unserialize PCE_retro_unserialize
retro_vfs_closedir_impl PCE_retro_vfs_closedir_impl
retro_vfs_dirent_get_name_impl PCE_retro_vfs_dirent_get_name_impl
retro_vfs_dirent_is_dir_impl PCE_retro_vfs_dirent_is_dir_impl
retro_vfs_file_close_impl PCE_retro_vfs_file_close_impl
retro_vfs_file_error_impl PCE_retro_vfs_file_error_impl
retro_vfs_file_flush_impl PCE_retro_vfs_file_flush_impl
retro_vfs_file_get_path_impl PCE_retro_vfs_file_get_path_impl
retro_vfs_file_open_impl PCE_retro_vfs_file_open_impl
retro_vfs_file_read_impl PCE_retro_vfs_file_read_impl
retro_vfs_file_remove_impl PCE_retro_vfs_file_remove_impl
retro_vfs_file_rename_impl PCE_retro_vfs_file_rename_impl
retro_vfs_file_seek_impl PCE_retro_vfs_file_seek_impl
retro_vfs_file_seek_internal PCE_retro_vfs_file_seek_internal
retro_vfs_file_size_impl PCE_retro_vfs_file_size_impl
retro_vfs_file_tell_impl PCE_retro_vfs_file_tell_impl
retro_vfs_file_truncate_impl PCE_retro_vfs_file_truncate_impl
retro_vfs_file_write_impl PCE_retro_vfs_file_write_impl
retro_vfs_mkdir_impl PCE_retro_vfs_mkdir_impl
retro_vfs_opendir_impl PCE_retro_vfs_opendir_impl
retro_vfs_readdir_impl PCE_retro_vfs_readdir_impl
retro_vfs_stat_impl PCE_retro_vfs_stat_impl
rfclose PCE_rfclose
rfeof PCE_rfeof
rferror PCE_rferror
rfflush PCE_rfflush
rfgetc PCE_rfgetc
rfgets PCE_rfgets
rfopen PCE_rfopen
rfprintf PCE_rfprintf
rfputc PCE_rfputc
rfread PCE_rfread
rfscanf PCE_rfscanf
rfseek PCE_rfseek
rftell PCE_rftell
rfwrite PCE_rfwrite
rtime_deinit PCE_rtime_deinit
rtime_init PCE_rtime_init
rtime_localtime PCE_rtime_localtime
scrambleize_data_sector PCE_scrambleize_data_sector
setting_initial_scanline PCE_setting_initial_scanline
setting_last_scanline PCE_setting_last_scanline
setting_pce_fast_adpcmlp PCE_setting_pce_fast_adpcmlp
setting_pce_fast_adpcmvolume PCE_setting_pce_fast_adpcmvolume
setting_pce_fast_cdbios PCE_setting_pce_fast_cdbios
setting_pce_fast_cddavolume PCE_setting_pce_fast_cddavolume
setting_pce_fast_cdignoreerrors PCE_setting_pce_fast_cdignoreerrors
setting_pce_fast_cdpsgvolume PCE_setting_pce_fast_cdpsgvolume
setting_pce_fast_cdspeed PCE_setting_pce_fast_cdspeed
setting_pce_fast_nospritelimit PCE_setting_pce_fast_nospritelimit
setting_pce_hoverscan PCE_setting_pce_hoverscan
setting_pce_overclocked PCE_setting_pce_overclocked
strcasestr_retro__ PCE_strcasestr_retro__
strftime_am_pm PCE_strftime_am_pm
string_copy_only_ascii PCE_string_copy_only_ascii
string_count_occurrences_single_character PCE_string_count_occurrences_single_character
string_find_index_substring_string PCE_string_find_index_substring_string
string_hex_to_unsigned PCE_string_hex_to_unsigned
string_index_last_occurance PCE_string_index_last_occurance
string_init PCE_string_init
string_list_append PCE_string_list_append
string_list_append_n PCE_string_list_append_n
string_list_clone PCE_string_list_clone
string_list_deinitialize PCE_string_list_deinitialize
string_list_find_elem PCE_string_list_find_elem
string_list_find_elem_prefix PCE_string_list_find_elem_prefix
string_list_free PCE_string_list_free
string_list_initialize PCE_string_list_initialize
string_list_join_concat PCE_string_list_join_concat
string_list_new PCE_string_list_new
string_list_set PCE_string_list_set
string_remove_all_chars PCE_string_remove_all_chars
string_remove_all_whitespace PCE_string_remove_all_whitespace
string_replace_all_chars PCE_string_replace_all_chars
string_replace_multi_space_with_single_space PCE_string_replace_multi_space_with_single_space
string_replace_substring PCE_string_replace_substring
string_replace_whitespace_with_single_character PCE_string_replace_whitespace_with_single_character
string_separate PCE_string_separate
string_separate_noalloc PCE_string_separate_noalloc
string_set PCE_string_set
string_split PCE_string_split
string_split_noalloc PCE_string_split_noalloc
string_to_lower PCE_string_to_lower
string_to_unsigned PCE_string_to_unsigned
string_to_upper PCE_string_to_upper
string_tokenize PCE_string_tokenize
string_trim_whitespace PCE_string_trim_whitespace
string_trim_whitespace_left PCE_string_trim_whitespace_left
string_trim_whitespace_right PCE_string_trim_whitespace_right
string_ucwords PCE_string_ucwords
strlcat_retro__ PCE_strlcat_retro__
strlcpy_retro__ PCE_strlcpy_retro__
subpw_deinterleave PCE_subpw_deinterleave
subpw_interleave PCE_subpw_interleave
subpw_synth_leadout_lba PCE_subpw_synth_leadout_lba
subpw_synth_udapp_lba PCE_subpw_synth_udapp_lba
subq_check_checksum PCE_subq_check_checksum
subq_deinterleave PCE_subq_deinterleave
subq_generate_checksum PCE_subq_generate_checksum
synth_leadout_sector_lba PCE_synth_leadout_sector_lba
synth_udapp_sector_lba PCE_synth_udapp_sector_lba
update_geometry PCE_update_geometry
utf16_conv_utf8 PCE_utf16_conv_utf8
utf16_to_char_string PCE_utf16_to_char_string
utf16_to_utf8_string_alloc PCE_utf16_to_utf8_string_alloc
utf8_conv_utf32 PCE_utf8_conv_utf32
utf8_to_local_string_alloc PCE_utf8_to_local_string_alloc
utf8_to_utf16_string_alloc PCE_utf8_to_utf16_string_alloc
utf8_walk PCE_utf8_walk
utf8cpy PCE_utf8cpy
utf8len PCE_utf8len
utf8skip PCE_utf8skip
vce PCE_vce
vdc PCE_vdc
vpc PCE_vpc
word_wrap PCE_word_wrap
word_wrap_wideglyph PCE_word_wrap_wideglyph
